



                                                                                                               "2006, A&O DEL BICENTENARIO DEL NATALICIO DEL
                                                                                                     BENEMERITO DE LAS AMERICAS, DON BENITO JUAREZ GARCIA"





CONTRATO :  1061187                                                                                                           PAG:    1

8356                                                                           RFC :     NFI3406305T0                         PERIODO DEL 2006/01/01 AL 2006/01/31

CORREO :    CORREO NORMAL                                                      NOMBRE :  DIRECCION DE FIDEICOMISOS 80287FOSEG DISTRITO FEDERAL RENDIMIENTOS

MONEDA :  MXP                                                                  DIRECCION : GRAL. GABRIEL HERNANDEZ  # 56 PISO 5 ALAC.P.: 06720

EJECUTIVO DE CUENTA :   MARIANA VILLASENOR BARRAGAN                                        DOCTORES                                DISTRITO FEDERAL

TELEFONO :   53256237

ESTRUCTURA DE LA CARTERA PERIODO ANTERIOR                                                    ESTRUCTURA DE LA CARTERA PERIODO ACTUAL
-------------------------------------------------------------------------                    -------------------------------------------------------------------------

MDO. DE DINERO                                                                               MDO. DE DINERO
 DIRECTO                            0.00      0.0000 %                                        DIRECTO                            0.00             0.0000 %
 REPORTO                            0.00      0.0000 %                                        REPORTO                            0.00             0.0000 %

SOC. DE INVERSION                                                                            INVERSION A PZO            28,801,809.01           100.0000 %
 DEUDA                              0.00      0.0000 %
 COMUN                              0.00      0.0000 %                                       EFECTIVO                            0.00             0.0000 %

INVERSION A PZO            33,171,427.03    100.0000 %                                       PEND. X LIQ                         0.00             0.0000 %

EFECTIVO                            0.00      0.0000 %                                       INT. COBRADOS                     208,420.65

PEND. X LIQ                         0.00      0.0000 %                                       PREMIOS COBRADOS                        0.00


RESUMEN OPERATIVO                                                                            REGIMEN FISCAL
-------------------------------------------------------------------------                   -------------------------------------------------------------------------

VALOR DE LA CARTERA MES ANTERIOR             33,171,427.03                                   ISR RETENIDO                        0.00

MAS DEPOSITOS                                 3,277,976.87                                   IVA ACREDITABLE                     0.00

MENOS RETIROS                                 7,876,172.64

MAS ENTRADAS                                          0.00

MENOS SALIDAS                                         0.00

VALOR DE LA CARTERA MES ACTUAL               28,801,809.01










NOMBRE :  DIRECCION DE FIDEICOMISOS 80287FOSEG DISTRITO FEDERAL RENDIMIENTOS                                                  PAG:    2

RFC:      NFI3406305T0                                                         CONTRATO :  1061187                            PERIODO DEL 2006/01/01 AL 2006/01/31

CORREO :  CORREO NORMAL                                                        8357


POSICION DE DEPOSITOS A PLAZO
------------------------------------------------------------------------------------------------------------------------------------
FECHA        FECHA      PLAZO     TASA                  MONTO              INTERES             VALOR AL  INSTRUMENTO
INICIO       VTO                  PACTADA           INVERTIDO            DEVENGADO                CORTE
------------------------------------------------------------------------------------------------------------------------------------
2006/01/04  2006/02/01    28      8.2500%       17,543,128.00           108,548.10        17,651,676.10  PAGAREIR
2006/01/31  2006/02/01     1      7.7000%        1,657,452.29                 0.00         1,657,452.29  PAGARES
2006/01/11  2006/02/08    28      8.1700%        3,969,604.52            18,017.59         3,987,622.11  PAGAREIR
2006/01/18  2006/02/15    28      8.0000%        1,000,000.00             2,888.89         1,002,888.89  PAGAREIR
2006/01/25  2006/02/22    28      7.8500%        4,496,286.97             5,882.64         4,502,169.61  PAGAREIR
                                           ------------------  -------------------   ------------------
                             TOTALES :          28,666,471.78           135,337.23        28,801,809.01








NOMBRE :  DIRECCION DE FIDEICOMISOS 80287FOSEG DISTRITO FEDERAL RENDIMIENTOS                                                  PAG:    3

RFC:      NFI3406305T0                                                         CONTRATO :  1061187                            PERIODO DEL 2006/01/01 AL 2006/01/31

CORREO :  CORREO NORMAL                                                        8358


DETALLE DE MOVIMIENTOS
----------------------------------------------------------------------------------------------------------------------------------------------------------------------------
FEC.LIQ. FEC.OPER.   PZO.    ORDEN CONCEPTO                EMISION  SERIE               TITULOS      MONTO BRUTO  IVA/ISR         TASA        MONTO NETO               SALDO
----------------------------------------------------------------------------------------------------------------------------------------------------------------------------
                                   SALDO INICIAL                                                                                                                        0.00
06/01/02 06/01/02           226497 DEPOSITO EFECTIVO                52351                                  56.82                                   56.82               56.82
06/01/02 05/12/30       3  3178860 VENCIMIENTO DEPOSITO                                             1,245,100.26              8.200000      1,245,100.26        1,245,157.08
06/01/02 06/01/02       1  3181597 INICIO DE DEPOSITO                                               1,245,157.08              8.200000      1,245,157.08                0.00
06/01/03 06/01/03           226884 DEPOSITO EFECTIVO                52351                                 573.33                                  573.33              573.33
06/01/03 06/01/02       1  3181597 VENCIMIENTO DEPOSITO                                             1,245,440.70              8.200000      1,245,440.70        1,246,014.03
06/01/03 06/01/03       1  3184485 INICIO DE DEPOSITO                                               1,246,014.03              8.200000      1,246,014.03                0.00
06/01/04 06/01/04           227320 TRASPASO DE EFECTIVO                                             2,000,000.00                            2,000,000.00        2,000,000.00
06/01/04 05/12/07      28  3128187 VENCIMIENTO DEPOSITO                                            17,243,994.14              8.520000     17,243,994.14       19,243,994.14
06/01/04 06/01/03       1  3184485 VENCIMIENTO DEPOSITO                                             1,246,297.84              8.200000      1,246,297.84       20,490,291.98
06/01/04 06/01/04      28  3186627 INICIO DE DEPOSITO                                              17,543,128.00              8.250000     17,543,128.00        2,947,163.98
06/01/04 06/01/04       7  3186629 INICIO DE DEPOSITO                                               2,000,000.00              8.250000      2,000,000.00          947,163.98
06/01/04 06/01/04       1  3187452 INICIO DE DEPOSITO                                                 947,163.98              8.200000        947,163.98                0.00
06/01/05 06/01/05           227400 RETIRO EFECTIVO                  52351                             212,508.00                              212,508.00         -212,508.00
06/01/05 06/01/04       1  3187452 VENCIMIENTO DEPOSITO                                               947,379.72              8.200000        947,379.72          734,871.72
06/01/05 06/01/05       1  3190406 INICIO DE DEPOSITO                                                 734,871.72              8.200000        734,871.72                0.00
06/01/06 06/01/06           227885 RETIRO EFECTIVO                  52351                              33,444.00                               33,444.00          -33,444.00
06/01/06 06/01/06           227890 RETIRO EFECTIVO                  52351                              17,367.00                               17,367.00          -50,811.00
06/01/06 06/01/06           227891 RETIRO EFECTIVO                  52351                               5,754.00                                5,754.00          -56,565.00
06/01/06 06/01/06           227892 RETIRO EFECTIVO                  52351                               3,864.00                                3,864.00          -60,429.00
06/01/06 06/01/06           227893 RETIRO EFECTIVO                  52351                               2,570.00                                2,570.00          -62,999.00
06/01/06 06/01/06           227895 RETIRO EFECTIVO                  52351                               5,796.00                                5,796.00          -68,795.00
06/01/06 06/01/06           227896 RETIRO EFECTIVO                  52351                              14,112.00                               14,112.00          -82,907.00
06/01/06 06/01/06           227897 RETIRO EFECTIVO                  52351                               5,796.00                                5,796.00          -88,703.00
06/01/06 06/01/06           227898 RETIRO EFECTIVO                  52351                               4,830.00                                4,830.00          -93,533.00
06/01/06 06/01/06           227899 RETIRO EFECTIVO                  52351                               8,694.00                                8,694.00         -102,227.00
06/01/06 06/01/06           227901 RETIRO EFECTIVO                  52351                               4,564.00                                4,564.00         -106,791.00
06/01/06 06/01/06           227946 RETIRO EFECTIVO                  52351                               8,694.00                                8,694.00         -115,485.00
06/01/06 06/01/05       1  3190406 VENCIMIENTO DEPOSITO                                               735,039.11              8.200000        735,039.11          619,554.11
06/01/06 06/01/06       3  3193334 INICIO DE DEPOSITO                                                 619,554.11              8.200000        619,554.11                0.00
06/01/09 06/01/06       3  3193334 VENCIMIENTO DEPOSITO                                               619,977.47              8.200000        619,977.47          619,977.47








NOMBRE :  DIRECCION DE FIDEICOMISOS 80287FOSEG DISTRITO FEDERAL RENDIMIENTOS                                                  PAG:    4

RFC:      NFI3406305T0                                                         CONTRATO :  1061187                            PERIODO DEL 2006/01/01 AL 2006/01/31

CORREO :  CORREO NORMAL                                                        8359


DETALLE DE MOVIMIENTOS
----------------------------------------------------------------------------------------------------------------------------------------------------------------------------
FEC.LIQ. FEC.OPER.   PZO.    ORDEN CONCEPTO                EMISION  SERIE               TITULOS      MONTO BRUTO  IVA/ISR         TASA        MONTO NETO               SALDO
----------------------------------------------------------------------------------------------------------------------------------------------------------------------------
06/01/09 06/01/09       1  3196207 INICIO DE DEPOSITO                                                 619,977.47              8.200000        619,977.47                0.00
06/01/10 06/01/10           228781 RETIRO EFECTIVO                  52351                                 261.99                                  261.99             -261.99
06/01/10 06/01/10           228782 RETIRO EFECTIVO                  52351                                   3.53                                    3.53             -265.52
06/01/10 06/01/10           228785 RETIRO EFECTIVO                  52351                                   4.71                                    4.71             -270.23
06/01/10 06/01/09       1  3196207 VENCIMIENTO DEPOSITO                                               620,118.69              8.200000        620,118.69          619,848.46
06/01/10 06/01/10       1  3199098 INICIO DE DEPOSITO                                                 619,848.46              8.200000        619,848.46                0.00
06/01/11 06/01/11           229235 RETIRO EFECTIVO                  52351                                   0.47                                    0.47               -0.47
06/01/11 06/01/11           229639 DEPOSITO EFECTIVO                52351                                  89.08                                   89.08               88.61
06/01/11 05/12/21      21  3154478 VENCIMIENTO DEPOSITO                                             4,019,296.67              8.270000      4,019,296.67        4,019,385.28
06/01/11 05/12/28      14  3171693 VENCIMIENTO DEPOSITO                                             3,009,636.67              8.260000      3,009,636.67        7,029,021.95
06/01/11 06/01/04       7  3186629 VENCIMIENTO DEPOSITO                                             2,003,208.33              8.250000      2,003,208.33        9,032,230.28
06/01/11 06/01/10       1  3199098 VENCIMIENTO DEPOSITO                                               619,989.65              8.200000        619,989.65        9,652,219.93
06/01/11 06/01/11      28  3201008 INICIO DE DEPOSITO                                               3,969,604.52              8.170000      3,969,604.52        5,682,615.41
06/01/11 06/01/11       1  3201513 INICIO DE DEPOSITO                                               5,682,615.41              8.200000      5,682,615.41                0.00
06/01/12 06/01/12           230226 DEPOSITO EFECTIVO                52351                                 585.69                                  585.69              585.69
06/01/12 06/01/11       1  3201513 VENCIMIENTO DEPOSITO                                             5,683,909.78              8.200000      5,683,909.78        5,684,495.47
06/01/12 06/01/12       1  3204387 INICIO DE DEPOSITO                                               5,684,495.47              8.200000      5,684,495.47                0.00
06/01/13 06/01/12       1  3204387 VENCIMIENTO DEPOSITO                                             5,685,790.27              8.200000      5,685,790.27        5,685,790.27
06/01/13 06/01/13       3  3207272 INICIO DE DEPOSITO                                               5,685,790.27              8.200000      5,685,790.27                0.00
06/01/16 06/01/13       3  3207272 VENCIMIENTO DEPOSITO                                             5,689,675.56              8.200000      5,689,675.56        5,689,675.56
06/01/16 06/01/16       1  3209968 INICIO DE DEPOSITO                                               5,689,675.56              8.200000      5,689,675.56                0.00
06/01/17 06/01/17           231653 RETIRO EFECTIVO                  52351                           4,147,068.50                            4,147,068.50       -4,147,068.50
06/01/17 06/01/16       1  3209968 VENCIMIENTO DEPOSITO                                             5,690,971.54              8.200000      5,690,971.54        1,543,903.04
06/01/17 06/01/17       1  3213075 INICIO DE DEPOSITO                                               1,543,903.04              8.200000      1,543,903.04                0.00
06/01/18 06/01/18           232241 RETIRO EFECTIVO                  52351                             716,489.02                              716,489.02         -716,489.02
06/01/18 05/12/21      28  3154475 VENCIMIENTO DEPOSITO                                               651,041.62              8.280000        651,041.62          -65,447.40
06/01/18 06/01/17       1  3213075 VENCIMIENTO DEPOSITO                                             1,544,254.71              8.200000      1,544,254.71        1,478,807.31
06/01/18 06/01/18      28  3215247 INICIO DE DEPOSITO                                               1,000,000.00              8.000000      1,000,000.00          478,807.31
06/01/18 06/01/18       1  3216341 INICIO DE DEPOSITO                                                 478,807.31              8.200000        478,807.31                0.00
06/01/19 06/01/19           233327 DEPOSITO EFECTIVO                52351                             399,306.05                              399,306.05          399,306.05








NOMBRE :  DIRECCION DE FIDEICOMISOS 80287FOSEG DISTRITO FEDERAL RENDIMIENTOS                                                  PAG:    5

RFC:      NFI3406305T0                                                         CONTRATO :  1061187                            PERIODO DEL 2006/01/01 AL 2006/01/31

CORREO :  CORREO NORMAL                                                        8360


DETALLE DE MOVIMIENTOS
----------------------------------------------------------------------------------------------------------------------------------------------------------------------------
FEC.LIQ. FEC.OPER.   PZO.    ORDEN CONCEPTO                EMISION  SERIE               TITULOS      MONTO BRUTO  IVA/ISR         TASA        MONTO NETO               SALDO
----------------------------------------------------------------------------------------------------------------------------------------------------------------------------
06/01/19 06/01/18       1  3216341 VENCIMIENTO DEPOSITO                                               478,916.37              8.200000        478,916.37          878,222.42
06/01/19 06/01/19       1  3218995 INICIO DE DEPOSITO                                                 878,222.42              8.200000        878,222.42                0.00
06/01/20 06/01/19       1  3218995 VENCIMIENTO DEPOSITO                                               878,422.46              8.200000        878,422.46          878,422.46
06/01/20 06/01/20       3  3221875 INICIO DE DEPOSITO                                                 878,422.46              8.200000        878,422.46                0.00
06/01/23 06/01/20       3  3221875 VENCIMIENTO DEPOSITO                                               879,022.72              8.200000        879,022.72          879,022.72
06/01/23 06/01/23       1  3224737 INICIO DE DEPOSITO                                                 879,022.72              8.200000        879,022.72                0.00
06/01/24 06/01/24           234586 RETIRO EFECTIVO                  52351                             228,279.00                              228,279.00         -228,279.00
06/01/24 06/01/23       1  3224737 VENCIMIENTO DEPOSITO                                               879,222.94              8.200000        879,222.94          650,943.94
06/01/24 06/01/24       1  3227698 INICIO DE DEPOSITO                                                 650,943.94              8.200000        650,943.94                0.00
06/01/25 06/01/25           235575 CARGO POR TRASPASO ENTR                                          2,000,000.00                            2,000,000.00       -2,000,000.00
06/01/25 06/01/25           235586 DEPOSITO EFECTIVO                52351                              57,719.00                               57,719.00       -1,942,281.00
06/01/25 06/01/25           235679 DEPOSITO EFECTIVO                52351                                   0.90                                    0.90       -1,942,280.10
06/01/25 05/12/28      28  3171691 VENCIMIENTO DEPOSITO                                             7,079,948.07              8.280000      7,079,948.07        5,137,667.97
06/01/25 06/01/24       1  3227698 VENCIMIENTO DEPOSITO                                               651,092.21              8.200000        651,092.21        5,788,760.18
06/01/25 06/01/25      28  3229653 INICIO DE DEPOSITO                                               4,496,286.97              7.850000      4,496,286.97        1,292,473.21
06/01/25 06/01/25       1  3230376 INICIO DE DEPOSITO                                               1,292,473.21              8.200000      1,292,473.21                0.00
06/01/26 06/01/26           235769 RETIRO EFECTIVO                  52351                              20,679.81                               20,679.81          -20,679.81
06/01/26 06/01/26           235770 RETIRO EFECTIVO                  52351                              47,637.89                               47,637.89          -68,317.70
06/01/26 06/01/26           235773 RETIRO EFECTIVO                  52351                              49,239.91                               49,239.91         -117,557.61
06/01/26 06/01/26           235774 RETIRO EFECTIVO                  52351                               5,119.56                                5,119.56         -122,677.17
06/01/26 06/01/26           235775 RETIRO EFECTIVO                  52351                               6,826.09                                6,826.09         -129,503.26
06/01/26 06/01/26           235778 RETIRO EFECTIVO                  52351                                 682.61                                  682.61         -130,185.87
06/01/26 06/01/26           235779 RETIRO EFECTIVO                  52351                                 341.30                                  341.30         -130,527.17
06/01/26 06/01/26           235792 RETIRO EFECTIVO                  52351                              40,354.10                               40,354.10         -170,881.27
06/01/26 06/01/26           236181 RETIRO EFECTIVO                  52351                              50,180.18                               50,180.18         -221,061.45
06/01/26 06/01/25       1  3230376 VENCIMIENTO DEPOSITO                                             1,292,767.61              8.200000      1,292,767.61        1,071,706.16
06/01/26 06/01/26       1  3233295 INICIO DE DEPOSITO                                               1,071,706.16              8.200000      1,071,706.16                0.00
06/01/27 06/01/26       1  3233295 VENCIMIENTO DEPOSITO                                             1,071,950.27              8.200000      1,071,950.27        1,071,950.27
06/01/27 06/01/27       3  3236102 INICIO DE DEPOSITO                                               1,071,950.27              7.700000      1,071,950.27                0.00
06/01/30 06/01/30           237713 RETIRO EFECTIVO                  52351                             235,010.97                              235,010.97         -235,010.97








NOMBRE :  DIRECCION DE FIDEICOMISOS 80287FOSEG DISTRITO FEDERAL RENDIMIENTOS                                                  PAG:    6

RFC:      NFI3406305T0                                                         CONTRATO :  1061187                            PERIODO DEL 2006/01/01 AL 2006/01/31

CORREO :  CORREO NORMAL                                                        8361


DETALLE DE MOVIMIENTOS
----------------------------------------------------------------------------------------------------------------------------------------------------------------------------
FEC.LIQ. FEC.OPER.   PZO.    ORDEN CONCEPTO                EMISION  SERIE               TITULOS      MONTO BRUTO  IVA/ISR         TASA        MONTO NETO               SALDO
----------------------------------------------------------------------------------------------------------------------------------------------------------------------------
06/01/30 06/01/27       3  3236102 VENCIMIENTO DEPOSITO                                             1,072,638.10              7.700000      1,072,638.10          837,627.13
06/01/30 06/01/30       1  3238973 INICIO DE DEPOSITO                                                 837,627.13              7.700000        837,627.13                0.00
06/01/31 06/01/31           238336 TRASPASO DE EFECTIVO                                               746,242.77                              746,242.77          746,242.77
06/01/31 06/01/31           238338 TRASPASO DE EFECTIVO                                                73,403.23                               73,403.23          819,646.00
06/01/31 06/01/30       1  3238973 VENCIMIENTO DEPOSITO                                               837,806.29              7.700000        837,806.29        1,657,452.29
06/01/31 06/01/31       1  3241671 INICIO DE DEPOSITO                                               1,657,452.29              7.700000      1,657,452.29                0.00

